------------------------------------------------------------
Timing Analyzer Summary
------------------------------------------------------------

Type  : Slow 1100mV 125C Model Setup 'CLOCK_50'
Slack : -2.245
TNS   : -101.454

Type  : Slow 1100mV 125C Model Hold 'CLOCK_50'
Slack : 0.422
TNS   : 0.000

Type  : Slow 1100mV 125C Model Minimum Pulse Width 'CLOCK_50'
Slack : -0.538
TNS   : -43.512

Type  : Slow 1100mV -40C Model Setup 'CLOCK_50'
Slack : -2.412
TNS   : -102.256

Type  : Slow 1100mV -40C Model Hold 'CLOCK_50'
Slack : 0.472
TNS   : 0.000

Type  : Slow 1100mV -40C Model Minimum Pulse Width 'CLOCK_50'
Slack : -0.538
TNS   : -47.566

Type  : Fast 1100mV 125C Model Setup 'CLOCK_50'
Slack : -0.678
TNS   : -19.732

Type  : Fast 1100mV 125C Model Hold 'CLOCK_50'
Slack : 0.182
TNS   : 0.000

Type  : Fast 1100mV 125C Model Minimum Pulse Width 'CLOCK_50'
Slack : -0.083
TNS   : -4.413

Type  : Fast 1100mV -40C Model Setup 'CLOCK_50'
Slack : -0.447
TNS   : -11.703

Type  : Fast 1100mV -40C Model Hold 'CLOCK_50'
Slack : 0.164
TNS   : 0.000

Type  : Fast 1100mV -40C Model Minimum Pulse Width 'CLOCK_50'
Slack : -0.089
TNS   : -4.852

------------------------------------------------------------
