Analysis & Synthesis report for system
Wed May 13 12:09:29 2026
Quartus Prime Version 23.1std.0 Build 991 11/28/2023 SC Lite Edition


---------------------
; Table of Contents ;
---------------------
  1. Legal Notice
  2. Analysis & Synthesis Summary
  3. Analysis & Synthesis Settings
  4. Parallel Compilation
  5. Analysis & Synthesis Source Files Read
  6. Analysis & Synthesis Resource Usage Summary
  7. Analysis & Synthesis Resource Utilization by Entity
  8. General Register Statistics
  9. Port Connectivity Checks: "FAdder_4bit:U5"
 10. Port Connectivity Checks: "Mux2x1_4bit:U4"
 11. Port Connectivity Checks: "Mux2x1_4bit:U3"
 12. Port Connectivity Checks: "comparator_4bit:U2|comparator_1bit:U4"
 13. Port Connectivity Checks: "comparator_4bit:U2|comparator_1bit:U3"
 14. Port Connectivity Checks: "comparator_4bit:U2|comparator_1bit:U2"
 15. Port Connectivity Checks: "comparator_4bit:U2|comparator_1bit:U1"
 16. Port Connectivity Checks: "comparator_4bit:U2"
 17. Port Connectivity Checks: "FAdder_4bit:U1"
 18. Post-Synthesis Netlist Statistics for Top Partition
 19. Elapsed Time Per Partition
 20. Analysis & Synthesis Messages



----------------
; Legal Notice ;
----------------
Copyright (C) 2023  Intel Corporation. All rights reserved.
Your use of Intel Corporation's design tools, logic functions 
and other software and tools, and any partner logic 
functions, and any output files from any of the foregoing 
(including device programming or simulation files), and any 
associated documentation or information are expressly subject 
to the terms and conditions of the Intel Program License 
Subscription Agreement, the Intel Quartus Prime License Agreement,
the Intel FPGA IP License Agreement, or other applicable license
agreement, including, without limitation, that your use is for
the sole purpose of programming logic devices manufactured by
Intel and sold by Intel or its authorized distributors.  Please
refer to the applicable agreement for further details, at
https://fpgasoftware.intel.com/eula.



+----------------------------------------------------------------------------------+
; Analysis & Synthesis Summary                                                     ;
+---------------------------------+------------------------------------------------+
; Analysis & Synthesis Status     ; Successful - Wed May 13 12:09:29 2026          ;
; Quartus Prime Version           ; 23.1std.0 Build 991 11/28/2023 SC Lite Edition ;
; Revision Name                   ; system                                         ;
; Top-level Entity Name           ; system                                         ;
; Family                          ; Cyclone V                                      ;
; Logic utilization (in ALMs)     ; N/A                                            ;
; Total registers                 ; 0                                              ;
; Total pins                      ; 47                                             ;
; Total virtual pins              ; 0                                              ;
; Total block memory bits         ; 0                                              ;
; Total DSP Blocks                ; 0                                              ;
; Total HSSI RX PCSs              ; 0                                              ;
; Total HSSI PMA RX Deserializers ; 0                                              ;
; Total HSSI TX PCSs              ; 0                                              ;
; Total HSSI PMA TX Serializers   ; 0                                              ;
; Total PLLs                      ; 0                                              ;
; Total DLLs                      ; 0                                              ;
+---------------------------------+------------------------------------------------+


+---------------------------------------------------------------------------------------------------------------------------+
; Analysis & Synthesis Settings                                                                                             ;
+---------------------------------------------------------------------------------+--------------------+--------------------+
; Option                                                                          ; Setting            ; Default Value      ;
+---------------------------------------------------------------------------------+--------------------+--------------------+
; Device                                                                          ; 5CSEMA5F31C6       ;                    ;
; Top-level entity name                                                           ; system             ; system             ;
; Family name                                                                     ; Cyclone V          ; Cyclone V          ;
; VHDL Show LMF Mapping Messages                                                  ; Off                ;                    ;
; VHDL Version                                                                    ; VHDL_2008          ; VHDL_1993          ;
; Use smart compilation                                                           ; Off                ; Off                ;
; Enable parallel Assembler and Timing Analyzer during compilation                ; On                 ; On                 ;
; Enable compact report table                                                     ; Off                ; Off                ;
; Restructure Multiplexers                                                        ; Auto               ; Auto               ;
; MLAB Add Timing Constraints For Mixed-Port Feed-Through Mode Setting Don't Care ; Off                ; Off                ;
; Create Debugging Nodes for IP Cores                                             ; Off                ; Off                ;
; Preserve fewer node names                                                       ; On                 ; On                 ;
; Intel FPGA IP Evaluation Mode                                                   ; Enable             ; Enable             ;
; Verilog Version                                                                 ; Verilog_2001       ; Verilog_2001       ;
; State Machine Processing                                                        ; Auto               ; Auto               ;
; Safe State Machine                                                              ; Off                ; Off                ;
; Extract Verilog State Machines                                                  ; On                 ; On                 ;
; Extract VHDL State Machines                                                     ; On                 ; On                 ;
; Ignore Verilog initial constructs                                               ; Off                ; Off                ;
; Iteration limit for constant Verilog loops                                      ; 5000               ; 5000               ;
; Iteration limit for non-constant Verilog loops                                  ; 250                ; 250                ;
; Add Pass-Through Logic to Inferred RAMs                                         ; On                 ; On                 ;
; Infer RAMs from Raw Logic                                                       ; On                 ; On                 ;
; Parallel Synthesis                                                              ; On                 ; On                 ;
; DSP Block Balancing                                                             ; Auto               ; Auto               ;
; NOT Gate Push-Back                                                              ; On                 ; On                 ;
; Power-Up Don't Care                                                             ; On                 ; On                 ;
; Remove Redundant Logic Cells                                                    ; Off                ; Off                ;
; Remove Duplicate Registers                                                      ; On                 ; On                 ;
; Ignore CARRY Buffers                                                            ; Off                ; Off                ;
; Ignore CASCADE Buffers                                                          ; Off                ; Off                ;
; Ignore GLOBAL Buffers                                                           ; Off                ; Off                ;
; Ignore ROW GLOBAL Buffers                                                       ; Off                ; Off                ;
; Ignore LCELL Buffers                                                            ; Off                ; Off                ;
; Ignore SOFT Buffers                                                             ; On                 ; On                 ;
; Limit AHDL Integers to 32 Bits                                                  ; Off                ; Off                ;
; Optimization Technique                                                          ; Balanced           ; Balanced           ;
; Carry Chain Length                                                              ; 70                 ; 70                 ;
; Auto Carry Chains                                                               ; On                 ; On                 ;
; Auto Open-Drain Pins                                                            ; On                 ; On                 ;
; Perform WYSIWYG Primitive Resynthesis                                           ; Off                ; Off                ;
; Auto ROM Replacement                                                            ; On                 ; On                 ;
; Auto RAM Replacement                                                            ; On                 ; On                 ;
; Auto DSP Block Replacement                                                      ; On                 ; On                 ;
; Auto Shift Register Replacement                                                 ; Auto               ; Auto               ;
; Allow Shift Register Merging across Hierarchies                                 ; Auto               ; Auto               ;
; Auto Clock Enable Replacement                                                   ; On                 ; On                 ;
; Strict RAM Replacement                                                          ; Off                ; Off                ;
; Allow Synchronous Control Signals                                               ; On                 ; On                 ;
; Force Use of Synchronous Clear Signals                                          ; Off                ; Off                ;
; Auto Resource Sharing                                                           ; Off                ; Off                ;
; Allow Any RAM Size For Recognition                                              ; Off                ; Off                ;
; Allow Any ROM Size For Recognition                                              ; Off                ; Off                ;
; Allow Any Shift Register Size For Recognition                                   ; Off                ; Off                ;
; Use LogicLock Constraints during Resource Balancing                             ; On                 ; On                 ;
; Ignore translate_off and synthesis_off directives                               ; Off                ; Off                ;
; Timing-Driven Synthesis                                                         ; On                 ; On                 ;
; Report Parameter Settings                                                       ; On                 ; On                 ;
; Report Source Assignments                                                       ; On                 ; On                 ;
; Report Connectivity Checks                                                      ; On                 ; On                 ;
; Ignore Maximum Fan-Out Assignments                                              ; Off                ; Off                ;
; Synchronization Register Chain Length                                           ; 3                  ; 3                  ;
; Power Optimization During Synthesis                                             ; Normal compilation ; Normal compilation ;
; HDL message level                                                               ; Level2             ; Level2             ;
; Suppress Register Optimization Related Messages                                 ; Off                ; Off                ;
; Number of Removed Registers Reported in Synthesis Report                        ; 5000               ; 5000               ;
; Number of Swept Nodes Reported in Synthesis Report                              ; 5000               ; 5000               ;
; Number of Inverted Registers Reported in Synthesis Report                       ; 100                ; 100                ;
; Clock MUX Protection                                                            ; On                 ; On                 ;
; Auto Gated Clock Conversion                                                     ; Off                ; Off                ;
; Block Design Naming                                                             ; Auto               ; Auto               ;
; SDC constraint protection                                                       ; Off                ; Off                ;
; Synthesis Effort                                                                ; Auto               ; Auto               ;
; Shift Register Replacement - Allow Asynchronous Clear Signal                    ; On                 ; On                 ;
; Pre-Mapping Resynthesis Optimization                                            ; Off                ; Off                ;
; Analysis & Synthesis Message Level                                              ; Medium             ; Medium             ;
; Disable Register Merging Across Hierarchies                                     ; Auto               ; Auto               ;
; Resource Aware Inference For Block RAM                                          ; On                 ; On                 ;
; Automatic Parallel Synthesis                                                    ; On                 ; On                 ;
; Partial Reconfiguration Bitstream ID                                            ; Off                ; Off                ;
+---------------------------------------------------------------------------------+--------------------+--------------------+


+------------------------------------------+
; Parallel Compilation                     ;
+----------------------------+-------------+
; Processors                 ; Number      ;
+----------------------------+-------------+
; Number detected on machine ; 4           ;
; Maximum allowed            ; 2           ;
;                            ;             ;
; Average used               ; 1.00        ;
; Maximum used               ; 1           ;
;                            ;             ;
; Usage by Processor         ; % Time Used ;
;     Processor 1            ; 100.0%      ;
+----------------------------+-------------+


+--------------------------------------------------------------------------------------------------------------------------------------------------------+
; Analysis & Synthesis Source Files Read                                                                                                                 ;
+----------------------------------+-----------------+-----------------------+-----------------------------------------------------------------+---------+
; File Name with User-Entered Path ; Used in Netlist ; File Type             ; File Name with Absolute Path                                    ; Library ;
+----------------------------------+-----------------+-----------------------+-----------------------------------------------------------------+---------+
; system.vhd                       ; yes             ; Auto-Found VHDL File  ; C:/Users/Kidus/Documents/GitHub/First_DSD/project2_5/system.vhd ;         ;
+----------------------------------+-----------------+-----------------------+-----------------------------------------------------------------+---------+


+----------------------------------------------------------+
; Analysis & Synthesis Resource Usage Summary              ;
+---------------------------------------------+------------+
; Resource                                    ; Usage      ;
+---------------------------------------------+------------+
; Estimate of Logic utilization (ALMs needed) ; 17         ;
;                                             ;            ;
; Combinational ALUT usage for logic          ; 26         ;
;     -- 7 input functions                    ; 0          ;
;     -- 6 input functions                    ; 7          ;
;     -- 5 input functions                    ; 3          ;
;     -- 4 input functions                    ; 8          ;
;     -- <=3 input functions                  ; 8          ;
;                                             ;            ;
; Dedicated logic registers                   ; 0          ;
;                                             ;            ;
; I/O pins                                    ; 47         ;
;                                             ;            ;
; Total DSP Blocks                            ; 0          ;
;                                             ;            ;
; Maximum fan-out node                        ; a[2]~input ;
; Maximum fan-out                             ; 15         ;
; Total fan-out                               ; 184        ;
; Average fan-out                             ; 1.53       ;
+---------------------------------------------+------------+


+--------------------------------------------------------------------------------------------------------------------------------------------------------------------------------------------------------------+
; Analysis & Synthesis Resource Utilization by Entity                                                                                                                                                          ;
+----------------------------+---------------------+---------------------------+-------------------+------------+------+--------------+---------------------------------------+-----------------+--------------+
; Compilation Hierarchy Node ; Combinational ALUTs ; Dedicated Logic Registers ; Block Memory Bits ; DSP Blocks ; Pins ; Virtual Pins ; Full Hierarchy Name                   ; Entity Name     ; Library Name ;
+----------------------------+---------------------+---------------------------+-------------------+------------+------+--------------+---------------------------------------+-----------------+--------------+
; |system                    ; 26 (0)              ; 0 (0)                     ; 0                 ; 0          ; 47   ; 0            ; |system                               ; system          ; work         ;
;    |FAdder_4bit:U1|        ; 4 (0)               ; 0 (0)                     ; 0                 ; 0          ; 0    ; 0            ; |system|FAdder_4bit:U1                ; FAdder_4bit     ; work         ;
;       |FAdder_1bit:U1|     ; 1 (1)               ; 0 (0)                     ; 0                 ; 0          ; 0    ; 0            ; |system|FAdder_4bit:U1|FAdder_1bit:U1 ; FAdder_1bit     ; work         ;
;       |FAdder_1bit:U2|     ; 2 (2)               ; 0 (0)                     ; 0                 ; 0          ; 0    ; 0            ; |system|FAdder_4bit:U1|FAdder_1bit:U2 ; FAdder_1bit     ; work         ;
;       |FAdder_1bit:U4|     ; 1 (1)               ; 0 (0)                     ; 0                 ; 0          ; 0    ; 0            ; |system|FAdder_4bit:U1|FAdder_1bit:U4 ; FAdder_1bit     ; work         ;
;    |HexDisp:U6|            ; 7 (7)               ; 0 (0)                     ; 0                 ; 0          ; 0    ; 0            ; |system|HexDisp:U6                    ; HexDisp         ; work         ;
;    |HexDisp:U7|            ; 7 (7)               ; 0 (0)                     ; 0                 ; 0          ; 0    ; 0            ; |system|HexDisp:U7                    ; HexDisp         ; work         ;
;    |HexDisp:U8|            ; 7 (7)               ; 0 (0)                     ; 0                 ; 0          ; 0    ; 0            ; |system|HexDisp:U8                    ; HexDisp         ; work         ;
;    |comparator_4bit:U2|    ; 1 (1)               ; 0 (0)                     ; 0                 ; 0          ; 0    ; 0            ; |system|comparator_4bit:U2            ; comparator_4bit ; work         ;
+----------------------------+---------------------+---------------------------+-------------------+------------+------+--------------+---------------------------------------+-----------------+--------------+
Note: For table entries with two numbers listed, the numbers in parentheses indicate the number of resources of the given type used by the specific entity alone. The numbers listed outside of parentheses indicate the total resources of the given type used by the specific entity and all of its sub-entities in the hierarchy.


+------------------------------------------------------+
; General Register Statistics                          ;
+----------------------------------------------+-------+
; Statistic                                    ; Value ;
+----------------------------------------------+-------+
; Total registers                              ; 0     ;
; Number of registers using Synchronous Clear  ; 0     ;
; Number of registers using Synchronous Load   ; 0     ;
; Number of registers using Asynchronous Clear ; 0     ;
; Number of registers using Asynchronous Load  ; 0     ;
; Number of registers using Clock Enable       ; 0     ;
; Number of registers using Preset             ; 0     ;
+----------------------------------------------+-------+


+----------------------------------------------------------------------------------------------------------------+
; Port Connectivity Checks: "FAdder_4bit:U5"                                                                     ;
+------+--------+----------+-------------------------------------------------------------------------------------+
; Port ; Type   ; Severity ; Details                                                                             ;
+------+--------+----------+-------------------------------------------------------------------------------------+
; ci   ; Input  ; Info     ; Stuck at VCC                                                                        ;
; co   ; Output ; Info     ; Connected to dangling logic. Logic that only feeds a dangling port will be removed. ;
+------+--------+----------+-------------------------------------------------------------------------------------+


+--------------------------------------------+
; Port Connectivity Checks: "Mux2x1_4bit:U4" ;
+---------+-------+----------+---------------+
; Port    ; Type  ; Severity ; Details       ;
+---------+-------+----------+---------------+
; a[3..1] ; Input ; Info     ; Stuck at GND  ;
; a[0]    ; Input ; Info     ; Stuck at VCC  ;
; b       ; Input ; Info     ; Stuck at GND  ;
+---------+-------+----------+---------------+


+--------------------------------------------+
; Port Connectivity Checks: "Mux2x1_4bit:U3" ;
+------+-------+----------+------------------+
; Port ; Type  ; Severity ; Details          ;
+------+-------+----------+------------------+
; a[3] ; Input ; Info     ; Stuck at VCC     ;
; a[2] ; Input ; Info     ; Stuck at GND     ;
; a[1] ; Input ; Info     ; Stuck at VCC     ;
; a[0] ; Input ; Info     ; Stuck at GND     ;
; b    ; Input ; Info     ; Stuck at GND     ;
+------+-------+----------+------------------+


+----------------------------------------------------------------------------------------------------------------+
; Port Connectivity Checks: "comparator_4bit:U2|comparator_1bit:U4"                                              ;
+------+--------+----------+-------------------------------------------------------------------------------------+
; Port ; Type   ; Severity ; Details                                                                             ;
+------+--------+----------+-------------------------------------------------------------------------------------+
; g    ; Output ; Info     ; Connected to dangling logic. Logic that only feeds a dangling port will be removed. ;
+------+--------+----------+-------------------------------------------------------------------------------------+


+----------------------------------------------------------------------------------------------------------------+
; Port Connectivity Checks: "comparator_4bit:U2|comparator_1bit:U3"                                              ;
+------+--------+----------+-------------------------------------------------------------------------------------+
; Port ; Type   ; Severity ; Details                                                                             ;
+------+--------+----------+-------------------------------------------------------------------------------------+
; g    ; Output ; Info     ; Connected to dangling logic. Logic that only feeds a dangling port will be removed. ;
+------+--------+----------+-------------------------------------------------------------------------------------+


+----------------------------------------------------------------------------------------------------------------+
; Port Connectivity Checks: "comparator_4bit:U2|comparator_1bit:U2"                                              ;
+------+--------+----------+-------------------------------------------------------------------------------------+
; Port ; Type   ; Severity ; Details                                                                             ;
+------+--------+----------+-------------------------------------------------------------------------------------+
; g    ; Output ; Info     ; Connected to dangling logic. Logic that only feeds a dangling port will be removed. ;
+------+--------+----------+-------------------------------------------------------------------------------------+


+----------------------------------------------------------------------------------------------------------------+
; Port Connectivity Checks: "comparator_4bit:U2|comparator_1bit:U1"                                              ;
+------+--------+----------+-------------------------------------------------------------------------------------+
; Port ; Type   ; Severity ; Details                                                                             ;
+------+--------+----------+-------------------------------------------------------------------------------------+
; g    ; Output ; Info     ; Connected to dangling logic. Logic that only feeds a dangling port will be removed. ;
; e    ; Output ; Info     ; Connected to dangling logic. Logic that only feeds a dangling port will be removed. ;
+------+--------+----------+-------------------------------------------------------------------------------------+


+------------------------------------------------+
; Port Connectivity Checks: "comparator_4bit:U2" ;
+------+-------+----------+----------------------+
; Port ; Type  ; Severity ; Details              ;
+------+-------+----------+----------------------+
; b[3] ; Input ; Info     ; Stuck at VCC         ;
; b[2] ; Input ; Info     ; Stuck at GND         ;
; b[1] ; Input ; Info     ; Stuck at VCC         ;
; b[0] ; Input ; Info     ; Stuck at GND         ;
+------+-------+----------+----------------------+


+----------------------------------------------------------------------------------------------------------------+
; Port Connectivity Checks: "FAdder_4bit:U1"                                                                     ;
+------+--------+----------+-------------------------------------------------------------------------------------+
; Port ; Type   ; Severity ; Details                                                                             ;
+------+--------+----------+-------------------------------------------------------------------------------------+
; co   ; Output ; Info     ; Connected to dangling logic. Logic that only feeds a dangling port will be removed. ;
+------+--------+----------+-------------------------------------------------------------------------------------+


+-----------------------------------------------------+
; Post-Synthesis Netlist Statistics for Top Partition ;
+-----------------------+-----------------------------+
; Type                  ; Count                       ;
+-----------------------+-----------------------------+
; arriav_lcell_comb     ; 50                          ;
;     normal            ; 50                          ;
;         0 data inputs ; 2                           ;
;         1 data inputs ; 22                          ;
;         2 data inputs ; 1                           ;
;         3 data inputs ; 7                           ;
;         4 data inputs ; 8                           ;
;         5 data inputs ; 3                           ;
;         6 data inputs ; 7                           ;
; boundary_port         ; 47                          ;
;                       ;                             ;
; Max LUT depth         ; 3.00                        ;
; Average LUT depth     ; 2.39                        ;
+-----------------------+-----------------------------+


+-------------------------------+
; Elapsed Time Per Partition    ;
+----------------+--------------+
; Partition Name ; Elapsed Time ;
+----------------+--------------+
; Top            ; 00:00:00     ;
+----------------+--------------+


+-------------------------------+
; Analysis & Synthesis Messages ;
+-------------------------------+
Info: *******************************************************************
Info: Running Quartus Prime Analysis & Synthesis
    Info: Version 23.1std.0 Build 991 11/28/2023 SC Lite Edition
    Info: Processing started: Wed May 13 12:09:14 2026
Info: Command: quartus_map --read_settings_files=on --write_settings_files=off project2_5 -c system
Warning (18236): Number of processors has not been specified which may cause overloading on shared machines.  Set the global assignment NUM_PARALLEL_PROCESSORS in your QSF to an appropriate value for best performance.
Info (20030): Parallel compilation is enabled and will use 2 of the 2 processors detected
Warning (12125): Using design file system.vhd, which is not specified as a design file for the current project, but contains definitions for 14 design units and 7 entities in project
    Info (12022): Found design unit 1: system-behavior File: C:/Users/Kidus/Documents/GitHub/First_DSD/project2_5/system.vhd Line: 14
    Info (12022): Found design unit 2: FAdder_4bit-behavior File: C:/Users/Kidus/Documents/GitHub/First_DSD/project2_5/system.vhd Line: 118
    Info (12022): Found design unit 3: FAdder_1bit-behavior File: C:/Users/Kidus/Documents/GitHub/First_DSD/project2_5/system.vhd Line: 147
    Info (12022): Found design unit 4: HexDisp-behavior File: C:/Users/Kidus/Documents/GitHub/First_DSD/project2_5/system.vhd Line: 166
    Info (12022): Found design unit 5: comparator_1bit-behavior File: C:/Users/Kidus/Documents/GitHub/First_DSD/project2_5/system.vhd Line: 195
    Info (12022): Found design unit 6: comparator_4bit-behavior File: C:/Users/Kidus/Documents/GitHub/First_DSD/project2_5/system.vhd Line: 212
    Info (12022): Found design unit 7: Mux2x1_4bit-behavior File: C:/Users/Kidus/Documents/GitHub/First_DSD/project2_5/system.vhd Line: 243
    Info (12023): Found entity 1: system File: C:/Users/Kidus/Documents/GitHub/First_DSD/project2_5/system.vhd Line: 5
    Info (12023): Found entity 2: FAdder_4bit File: C:/Users/Kidus/Documents/GitHub/First_DSD/project2_5/system.vhd Line: 110
    Info (12023): Found entity 3: FAdder_1bit File: C:/Users/Kidus/Documents/GitHub/First_DSD/project2_5/system.vhd Line: 140
    Info (12023): Found entity 4: HexDisp File: C:/Users/Kidus/Documents/GitHub/First_DSD/project2_5/system.vhd Line: 159
    Info (12023): Found entity 5: comparator_1bit File: C:/Users/Kidus/Documents/GitHub/First_DSD/project2_5/system.vhd Line: 188
    Info (12023): Found entity 6: comparator_4bit File: C:/Users/Kidus/Documents/GitHub/First_DSD/project2_5/system.vhd Line: 205
    Info (12023): Found entity 7: Mux2x1_4bit File: C:/Users/Kidus/Documents/GitHub/First_DSD/project2_5/system.vhd Line: 235
Info (12127): Elaborating entity "system" for the top level hierarchy
Warning (10541): VHDL Signal Declaration warning at system.vhd(10): used implicit default value for signal "LEDR" because signal was never assigned a value or an explicit default value. Use of implicit default value may introduce unintended design optimizations. File: C:/Users/Kidus/Documents/GitHub/First_DSD/project2_5/system.vhd Line: 10
Warning (10036): Verilog HDL or VHDL warning at system.vhd(58): object "co" assigned a value but never read File: C:/Users/Kidus/Documents/GitHub/First_DSD/project2_5/system.vhd Line: 58
Info (12128): Elaborating entity "FAdder_4bit" for hierarchy "FAdder_4bit:U1" File: C:/Users/Kidus/Documents/GitHub/First_DSD/project2_5/system.vhd Line: 78
Info (12128): Elaborating entity "FAdder_1bit" for hierarchy "FAdder_4bit:U1|FAdder_1bit:U1" File: C:/Users/Kidus/Documents/GitHub/First_DSD/project2_5/system.vhd Line: 128
Info (12128): Elaborating entity "comparator_4bit" for hierarchy "comparator_4bit:U2" File: C:/Users/Kidus/Documents/GitHub/First_DSD/project2_5/system.vhd Line: 82
Warning (10036): Verilog HDL or VHDL warning at system.vhd(219): object "g" assigned a value but never read File: C:/Users/Kidus/Documents/GitHub/First_DSD/project2_5/system.vhd Line: 219
Info (12128): Elaborating entity "comparator_1bit" for hierarchy "comparator_4bit:U2|comparator_1bit:U1" File: C:/Users/Kidus/Documents/GitHub/First_DSD/project2_5/system.vhd Line: 221
Info (12128): Elaborating entity "Mux2x1_4bit" for hierarchy "Mux2x1_4bit:U3" File: C:/Users/Kidus/Documents/GitHub/First_DSD/project2_5/system.vhd Line: 85
Info (12128): Elaborating entity "HexDisp" for hierarchy "HexDisp:U6" File: C:/Users/Kidus/Documents/GitHub/First_DSD/project2_5/system.vhd Line: 94
Warning (13024): Output pins are stuck at VCC or GND
    Warning (13410): Pin "HEX1[1]" is stuck at GND File: C:/Users/Kidus/Documents/GitHub/First_DSD/project2_5/system.vhd Line: 9
    Warning (13410): Pin "HEX1[2]" is stuck at GND File: C:/Users/Kidus/Documents/GitHub/First_DSD/project2_5/system.vhd Line: 9
    Warning (13410): Pin "HEX1[6]" is stuck at VCC File: C:/Users/Kidus/Documents/GitHub/First_DSD/project2_5/system.vhd Line: 9
    Warning (13410): Pin "LEDR[0]" is stuck at GND File: C:/Users/Kidus/Documents/GitHub/First_DSD/project2_5/system.vhd Line: 10
    Warning (13410): Pin "LEDR[1]" is stuck at GND File: C:/Users/Kidus/Documents/GitHub/First_DSD/project2_5/system.vhd Line: 10
    Warning (13410): Pin "LEDR[2]" is stuck at GND File: C:/Users/Kidus/Documents/GitHub/First_DSD/project2_5/system.vhd Line: 10
    Warning (13410): Pin "LEDR[3]" is stuck at GND File: C:/Users/Kidus/Documents/GitHub/First_DSD/project2_5/system.vhd Line: 10
    Warning (13410): Pin "LEDR[4]" is stuck at GND File: C:/Users/Kidus/Documents/GitHub/First_DSD/project2_5/system.vhd Line: 10
    Warning (13410): Pin "LEDR[5]" is stuck at GND File: C:/Users/Kidus/Documents/GitHub/First_DSD/project2_5/system.vhd Line: 10
    Warning (13410): Pin "LEDR[6]" is stuck at GND File: C:/Users/Kidus/Documents/GitHub/First_DSD/project2_5/system.vhd Line: 10
    Warning (13410): Pin "LEDR[7]" is stuck at GND File: C:/Users/Kidus/Documents/GitHub/First_DSD/project2_5/system.vhd Line: 10
    Warning (13410): Pin "LEDR[8]" is stuck at GND File: C:/Users/Kidus/Documents/GitHub/First_DSD/project2_5/system.vhd Line: 10
    Warning (13410): Pin "LEDR[9]" is stuck at GND File: C:/Users/Kidus/Documents/GitHub/First_DSD/project2_5/system.vhd Line: 10
Info (286030): Timing-Driven Synthesis is running
Info (16010): Generating hard_block partition "hard_block:auto_generated_inst"
    Info (16011): Adding 0 node(s), including 0 DDIO, 0 PLL, 0 transceiver and 0 LCELL
Info (21057): Implemented 73 device resources after synthesis - the final resource count might be different
    Info (21058): Implemented 9 input pins
    Info (21059): Implemented 38 output pins
    Info (21061): Implemented 26 logic cells
Info: Quartus Prime Analysis & Synthesis was successful. 0 errors, 19 warnings
    Info: Peak virtual memory: 4863 megabytes
    Info: Processing ended: Wed May 13 12:09:29 2026
    Info: Elapsed time: 00:00:15
    Info: Total CPU time (on all processors): 00:00:19


