Analysis & Synthesis report for binconv
Sat Jun 20 13:17:30 2026
Quartus Prime Version 23.1std.0 Build 991 11/28/2023 SC Lite Edition


---------------------
; Table of Contents ;
---------------------
  1. Legal Notice
  2. Analysis & Synthesis Summary
  3. Analysis & Synthesis Settings
  4. Parallel Compilation
  5. Analysis & Synthesis Source Files Read
  6. Analysis & Synthesis Resource Usage Summary
  7. Analysis & Synthesis Resource Utilization by Entity
  8. General Register Statistics
  9. Port Connectivity Checks: "FAdder:u9"
 10. Port Connectivity Checks: "FAdder:u8"
 11. Port Connectivity Checks: "FAdder:u7"
 12. Port Connectivity Checks: "FAdder:u6"
 13. Port Connectivity Checks: "FAdder:u5"
 14. Port Connectivity Checks: "Multiplier:u4"
 15. Port Connectivity Checks: "Multiplier:u3"
 16. Port Connectivity Checks: "Multiplier:u2"
 17. Port Connectivity Checks: "Multiplier:u1|FAdder_32bit:v5"
 18. Port Connectivity Checks: "Multiplier:u1|FAdder_32bit:u7"
 19. Port Connectivity Checks: "Multiplier:u1|FAdder_32bit:u6"
 20. Port Connectivity Checks: "Multiplier:u1|FAdder_32bit:u5"
 21. Port Connectivity Checks: "Multiplier:u1|Mul_4bit:u1|altAdder:u7"
 22. Port Connectivity Checks: "Multiplier:u1|Mul_4bit:u1|altAdder:u5"
 23. Port Connectivity Checks: "Multiplier:u1|Mul_4bit:u1|altAdder:u3"
 24. Port Connectivity Checks: "Multiplier:u1|FAdder:v2"
 25. Port Connectivity Checks: "Multiplier:u1|FAdder:v1"
 26. Port Connectivity Checks: "Multiplier:u1"
 27. Post-Synthesis Netlist Statistics for Top Partition
 28. Elapsed Time Per Partition
 29. Analysis & Synthesis Messages



----------------
; Legal Notice ;
----------------
Copyright (C) 2023  Intel Corporation. All rights reserved.
Your use of Intel Corporation's design tools, logic functions 
and other software and tools, and any partner logic 
functions, and any output files from any of the foregoing 
(including device programming or simulation files), and any 
associated documentation or information are expressly subject 
to the terms and conditions of the Intel Program License 
Subscription Agreement, the Intel Quartus Prime License Agreement,
the Intel FPGA IP License Agreement, or other applicable license
agreement, including, without limitation, that your use is for
the sole purpose of programming logic devices manufactured by
Intel and sold by Intel or its authorized distributors.  Please
refer to the applicable agreement for further details, at
https://fpgasoftware.intel.com/eula.



+----------------------------------------------------------------------------------+
; Analysis & Synthesis Summary                                                     ;
+---------------------------------+------------------------------------------------+
; Analysis & Synthesis Status     ; Successful - Sat Jun 20 13:17:30 2026          ;
; Quartus Prime Version           ; 23.1std.0 Build 991 11/28/2023 SC Lite Edition ;
; Revision Name                   ; binconv                                        ;
; Top-level Entity Name           ; binconv                                        ;
; Family                          ; Cyclone V                                      ;
; Logic utilization (in ALMs)     ; N/A                                            ;
; Total registers                 ; 0                                              ;
; Total pins                      ; 37                                             ;
; Total virtual pins              ; 0                                              ;
; Total block memory bits         ; 0                                              ;
; Total DSP Blocks                ; 0                                              ;
; Total HSSI RX PCSs              ; 0                                              ;
; Total HSSI PMA RX Deserializers ; 0                                              ;
; Total HSSI TX PCSs              ; 0                                              ;
; Total HSSI PMA TX Serializers   ; 0                                              ;
; Total PLLs                      ; 0                                              ;
; Total DLLs                      ; 0                                              ;
+---------------------------------+------------------------------------------------+


+---------------------------------------------------------------------------------------------------------------------------+
; Analysis & Synthesis Settings                                                                                             ;
+---------------------------------------------------------------------------------+--------------------+--------------------+
; Option                                                                          ; Setting            ; Default Value      ;
+---------------------------------------------------------------------------------+--------------------+--------------------+
; Device                                                                          ; 5CSEMA5F31C6       ;                    ;
; Top-level entity name                                                           ; binconv            ; binconv            ;
; Family name                                                                     ; Cyclone V          ; Cyclone V          ;
; Use smart compilation                                                           ; Off                ; Off                ;
; Enable parallel Assembler and Timing Analyzer during compilation                ; On                 ; On                 ;
; Enable compact report table                                                     ; Off                ; Off                ;
; Restructure Multiplexers                                                        ; Auto               ; Auto               ;
; MLAB Add Timing Constraints For Mixed-Port Feed-Through Mode Setting Don't Care ; Off                ; Off                ;
; Create Debugging Nodes for IP Cores                                             ; Off                ; Off                ;
; Preserve fewer node names                                                       ; On                 ; On                 ;
; Intel FPGA IP Evaluation Mode                                                   ; Enable             ; Enable             ;
; Verilog Version                                                                 ; Verilog_2001       ; Verilog_2001       ;
; VHDL Version                                                                    ; VHDL_1993          ; VHDL_1993          ;
; State Machine Processing                                                        ; Auto               ; Auto               ;
; Safe State Machine                                                              ; Off                ; Off                ;
; Extract Verilog State Machines                                                  ; On                 ; On                 ;
; Extract VHDL State Machines                                                     ; On                 ; On                 ;
; Ignore Verilog initial constructs                                               ; Off                ; Off                ;
; Iteration limit for constant Verilog loops                                      ; 5000               ; 5000               ;
; Iteration limit for non-constant Verilog loops                                  ; 250                ; 250                ;
; Add Pass-Through Logic to Inferred RAMs                                         ; On                 ; On                 ;
; Infer RAMs from Raw Logic                                                       ; On                 ; On                 ;
; Parallel Synthesis                                                              ; On                 ; On                 ;
; DSP Block Balancing                                                             ; Auto               ; Auto               ;
; NOT Gate Push-Back                                                              ; On                 ; On                 ;
; Power-Up Don't Care                                                             ; On                 ; On                 ;
; Remove Redundant Logic Cells                                                    ; Off                ; Off                ;
; Remove Duplicate Registers                                                      ; On                 ; On                 ;
; Ignore CARRY Buffers                                                            ; Off                ; Off                ;
; Ignore CASCADE Buffers                                                          ; Off                ; Off                ;
; Ignore GLOBAL Buffers                                                           ; Off                ; Off                ;
; Ignore ROW GLOBAL Buffers                                                       ; Off                ; Off                ;
; Ignore LCELL Buffers                                                            ; Off                ; Off                ;
; Ignore SOFT Buffers                                                             ; On                 ; On                 ;
; Limit AHDL Integers to 32 Bits                                                  ; Off                ; Off                ;
; Optimization Technique                                                          ; Balanced           ; Balanced           ;
; Carry Chain Length                                                              ; 70                 ; 70                 ;
; Auto Carry Chains                                                               ; On                 ; On                 ;
; Auto Open-Drain Pins                                                            ; On                 ; On                 ;
; Perform WYSIWYG Primitive Resynthesis                                           ; Off                ; Off                ;
; Auto ROM Replacement                                                            ; On                 ; On                 ;
; Auto RAM Replacement                                                            ; On                 ; On                 ;
; Auto DSP Block Replacement                                                      ; On                 ; On                 ;
; Auto Shift Register Replacement                                                 ; Auto               ; Auto               ;
; Allow Shift Register Merging across Hierarchies                                 ; Auto               ; Auto               ;
; Auto Clock Enable Replacement                                                   ; On                 ; On                 ;
; Strict RAM Replacement                                                          ; Off                ; Off                ;
; Allow Synchronous Control Signals                                               ; On                 ; On                 ;
; Force Use of Synchronous Clear Signals                                          ; Off                ; Off                ;
; Auto Resource Sharing                                                           ; Off                ; Off                ;
; Allow Any RAM Size For Recognition                                              ; Off                ; Off                ;
; Allow Any ROM Size For Recognition                                              ; Off                ; Off                ;
; Allow Any Shift Register Size For Recognition                                   ; Off                ; Off                ;
; Use LogicLock Constraints during Resource Balancing                             ; On                 ; On                 ;
; Ignore translate_off and synthesis_off directives                               ; Off                ; Off                ;
; Timing-Driven Synthesis                                                         ; On                 ; On                 ;
; Report Parameter Settings                                                       ; On                 ; On                 ;
; Report Source Assignments                                                       ; On                 ; On                 ;
; Report Connectivity Checks                                                      ; On                 ; On                 ;
; Ignore Maximum Fan-Out Assignments                                              ; Off                ; Off                ;
; Synchronization Register Chain Length                                           ; 3                  ; 3                  ;
; Power Optimization During Synthesis                                             ; Normal compilation ; Normal compilation ;
; HDL message level                                                               ; Level2             ; Level2             ;
; Suppress Register Optimization Related Messages                                 ; Off                ; Off                ;
; Number of Removed Registers Reported in Synthesis Report                        ; 5000               ; 5000               ;
; Number of Swept Nodes Reported in Synthesis Report                              ; 5000               ; 5000               ;
; Number of Inverted Registers Reported in Synthesis Report                       ; 100                ; 100                ;
; Clock MUX Protection                                                            ; On                 ; On                 ;
; Auto Gated Clock Conversion                                                     ; Off                ; Off                ;
; Block Design Naming                                                             ; Auto               ; Auto               ;
; SDC constraint protection                                                       ; Off                ; Off                ;
; Synthesis Effort                                                                ; Auto               ; Auto               ;
; Shift Register Replacement - Allow Asynchronous Clear Signal                    ; On                 ; On                 ;
; Pre-Mapping Resynthesis Optimization                                            ; Off                ; Off                ;
; Analysis & Synthesis Message Level                                              ; Medium             ; Medium             ;
; Disable Register Merging Across Hierarchies                                     ; Auto               ; Auto               ;
; Resource Aware Inference For Block RAM                                          ; On                 ; On                 ;
; Automatic Parallel Synthesis                                                    ; On                 ; On                 ;
; Partial Reconfiguration Bitstream ID                                            ; Off                ; Off                ;
+---------------------------------------------------------------------------------+--------------------+--------------------+


+------------------------------------------+
; Parallel Compilation                     ;
+----------------------------+-------------+
; Processors                 ; Number      ;
+----------------------------+-------------+
; Number detected on machine ; 4           ;
; Maximum allowed            ; 2           ;
;                            ;             ;
; Average used               ; 1.00        ;
; Maximum used               ; 1           ;
;                            ;             ;
; Usage by Processor         ; % Time Used ;
;     Processor 1            ; 100.0%      ;
+----------------------------+-------------+


+------------------------------------------------------------------------------------------------------------------------------------------------------------------------------------+
; Analysis & Synthesis Source Files Read                                                                                                                                             ;
+----------------------------------+-----------------+-----------------------+---------------------------------------------------------------------------------------------+---------+
; File Name with User-Entered Path ; Used in Netlist ; File Type             ; File Name with Absolute Path                                                                ; Library ;
+----------------------------------+-----------------+-----------------------+---------------------------------------------------------------------------------------------+---------+
; binconv.vhd                      ; yes             ; User VHDL File        ; C:/Users/Kidus/Documents/GitHub/First_DSD/16-bit Calculator/Binary Converter/binconv.vhd    ;         ;
; multiplier.vhd                   ; yes             ; Auto-Found VHDL File  ; C:/Users/Kidus/Documents/GitHub/First_DSD/16-bit Calculator/Binary Converter/multiplier.vhd ;         ;
+----------------------------------+-----------------+-----------------------+---------------------------------------------------------------------------------------------+---------+


+-----------------------------------------------------------+
; Analysis & Synthesis Resource Usage Summary               ;
+---------------------------------------------+-------------+
; Resource                                    ; Usage       ;
+---------------------------------------------+-------------+
; Estimate of Logic utilization (ALMs needed) ; 61          ;
;                                             ;             ;
; Combinational ALUT usage for logic          ; 94          ;
;     -- 7 input functions                    ; 0           ;
;     -- 6 input functions                    ; 28          ;
;     -- 5 input functions                    ; 19          ;
;     -- 4 input functions                    ; 31          ;
;     -- <=3 input functions                  ; 16          ;
;                                             ;             ;
; Dedicated logic registers                   ; 0           ;
;                                             ;             ;
; I/O pins                                    ; 37          ;
;                                             ;             ;
; Total DSP Blocks                            ; 0           ;
;                                             ;             ;
; Maximum fan-out node                        ; d4[0]~input ;
; Maximum fan-out                             ; 16          ;
; Total fan-out                               ; 481         ;
; Average fan-out                             ; 2.86        ;
+---------------------------------------------+-------------+


+--------------------------------------------------------------------------------------------------------------------------------------------------------------------------------------------------------------------------------------------------------------------+
; Analysis & Synthesis Resource Utilization by Entity                                                                                                                                                                                                                ;
+------------------------------------+---------------------+---------------------------+-------------------+------------+------+--------------+----------------------------------------------------------------------------------------+--------------+--------------+
; Compilation Hierarchy Node         ; Combinational ALUTs ; Dedicated Logic Registers ; Block Memory Bits ; DSP Blocks ; Pins ; Virtual Pins ; Full Hierarchy Name                                                                    ; Entity Name  ; Library Name ;
+------------------------------------+---------------------+---------------------------+-------------------+------------+------+--------------+----------------------------------------------------------------------------------------+--------------+--------------+
; |binconv                           ; 94 (18)             ; 0 (0)                     ; 0                 ; 0          ; 37   ; 0            ; |binconv                                                                               ; binconv      ; work         ;
;    |FAdder:u5|                     ; 6 (0)               ; 0 (0)                     ; 0                 ; 0          ; 0    ; 0            ; |binconv|FAdder:u5                                                                     ; FAdder       ; work         ;
;       |FAdder_4bit:u0|             ; 3 (0)               ; 0 (0)                     ; 0                 ; 0          ; 0    ; 0            ; |binconv|FAdder:u5|FAdder_4bit:u0                                                      ; FAdder_4bit  ; work         ;
;          |FAdder_1bit:u2|          ; 1 (1)               ; 0 (0)                     ; 0                 ; 0          ; 0    ; 0            ; |binconv|FAdder:u5|FAdder_4bit:u0|FAdder_1bit:u2                                       ; FAdder_1bit  ; work         ;
;          |FAdder_1bit:u3|          ; 2 (2)               ; 0 (0)                     ; 0                 ; 0          ; 0    ; 0            ; |binconv|FAdder:u5|FAdder_4bit:u0|FAdder_1bit:u3                                       ; FAdder_1bit  ; work         ;
;       |FAdder_4bit:u1|             ; 3 (0)               ; 0 (0)                     ; 0                 ; 0          ; 0    ; 0            ; |binconv|FAdder:u5|FAdder_4bit:u1                                                      ; FAdder_4bit  ; work         ;
;          |FAdder_1bit:u1|          ; 1 (1)               ; 0 (0)                     ; 0                 ; 0          ; 0    ; 0            ; |binconv|FAdder:u5|FAdder_4bit:u1|FAdder_1bit:u1                                       ; FAdder_1bit  ; work         ;
;          |FAdder_1bit:u2|          ; 1 (1)               ; 0 (0)                     ; 0                 ; 0          ; 0    ; 0            ; |binconv|FAdder:u5|FAdder_4bit:u1|FAdder_1bit:u2                                       ; FAdder_1bit  ; work         ;
;          |FAdder_1bit:u3|          ; 1 (1)               ; 0 (0)                     ; 0                 ; 0          ; 0    ; 0            ; |binconv|FAdder:u5|FAdder_4bit:u1|FAdder_1bit:u3                                       ; FAdder_1bit  ; work         ;
;    |FAdder:u6|                     ; 12 (0)              ; 0 (0)                     ; 0                 ; 0          ; 0    ; 0            ; |binconv|FAdder:u6                                                                     ; FAdder       ; work         ;
;       |FAdder_4bit:u0|             ; 1 (0)               ; 0 (0)                     ; 0                 ; 0          ; 0    ; 0            ; |binconv|FAdder:u6|FAdder_4bit:u0                                                      ; FAdder_4bit  ; work         ;
;          |FAdder_1bit:u2|          ; 1 (1)               ; 0 (0)                     ; 0                 ; 0          ; 0    ; 0            ; |binconv|FAdder:u6|FAdder_4bit:u0|FAdder_1bit:u2                                       ; FAdder_1bit  ; work         ;
;       |FAdder_4bit:u1|             ; 8 (0)               ; 0 (0)                     ; 0                 ; 0          ; 0    ; 0            ; |binconv|FAdder:u6|FAdder_4bit:u1                                                      ; FAdder_4bit  ; work         ;
;          |FAdder_1bit:u0|          ; 2 (2)               ; 0 (0)                     ; 0                 ; 0          ; 0    ; 0            ; |binconv|FAdder:u6|FAdder_4bit:u1|FAdder_1bit:u0                                       ; FAdder_1bit  ; work         ;
;          |FAdder_1bit:u1|          ; 1 (1)               ; 0 (0)                     ; 0                 ; 0          ; 0    ; 0            ; |binconv|FAdder:u6|FAdder_4bit:u1|FAdder_1bit:u1                                       ; FAdder_1bit  ; work         ;
;          |FAdder_1bit:u2|          ; 1 (1)               ; 0 (0)                     ; 0                 ; 0          ; 0    ; 0            ; |binconv|FAdder:u6|FAdder_4bit:u1|FAdder_1bit:u2                                       ; FAdder_1bit  ; work         ;
;          |FAdder_1bit:u3|          ; 4 (4)               ; 0 (0)                     ; 0                 ; 0          ; 0    ; 0            ; |binconv|FAdder:u6|FAdder_4bit:u1|FAdder_1bit:u3                                       ; FAdder_1bit  ; work         ;
;       |FAdder_4bit:u2|             ; 3 (0)               ; 0 (0)                     ; 0                 ; 0          ; 0    ; 0            ; |binconv|FAdder:u6|FAdder_4bit:u2                                                      ; FAdder_4bit  ; work         ;
;          |FAdder_1bit:u0|          ; 2 (2)               ; 0 (0)                     ; 0                 ; 0          ; 0    ; 0            ; |binconv|FAdder:u6|FAdder_4bit:u2|FAdder_1bit:u0                                       ; FAdder_1bit  ; work         ;
;          |FAdder_1bit:u1|          ; 1 (1)               ; 0 (0)                     ; 0                 ; 0          ; 0    ; 0            ; |binconv|FAdder:u6|FAdder_4bit:u2|FAdder_1bit:u1                                       ; FAdder_1bit  ; work         ;
;    |FAdder:u7|                     ; 21 (0)              ; 0 (0)                     ; 0                 ; 0          ; 0    ; 0            ; |binconv|FAdder:u7                                                                     ; FAdder       ; work         ;
;       |FAdder_4bit:u0|             ; 2 (0)               ; 0 (0)                     ; 0                 ; 0          ; 0    ; 0            ; |binconv|FAdder:u7|FAdder_4bit:u0                                                      ; FAdder_4bit  ; work         ;
;          |FAdder_1bit:u3|          ; 2 (2)               ; 0 (0)                     ; 0                 ; 0          ; 0    ; 0            ; |binconv|FAdder:u7|FAdder_4bit:u0|FAdder_1bit:u3                                       ; FAdder_1bit  ; work         ;
;       |FAdder_4bit:u1|             ; 7 (0)               ; 0 (0)                     ; 0                 ; 0          ; 0    ; 0            ; |binconv|FAdder:u7|FAdder_4bit:u1                                                      ; FAdder_4bit  ; work         ;
;          |FAdder_1bit:u0|          ; 1 (1)               ; 0 (0)                     ; 0                 ; 0          ; 0    ; 0            ; |binconv|FAdder:u7|FAdder_4bit:u1|FAdder_1bit:u0                                       ; FAdder_1bit  ; work         ;
;          |FAdder_1bit:u1|          ; 2 (2)               ; 0 (0)                     ; 0                 ; 0          ; 0    ; 0            ; |binconv|FAdder:u7|FAdder_4bit:u1|FAdder_1bit:u1                                       ; FAdder_1bit  ; work         ;
;          |FAdder_1bit:u2|          ; 2 (2)               ; 0 (0)                     ; 0                 ; 0          ; 0    ; 0            ; |binconv|FAdder:u7|FAdder_4bit:u1|FAdder_1bit:u2                                       ; FAdder_1bit  ; work         ;
;          |FAdder_1bit:u3|          ; 2 (2)               ; 0 (0)                     ; 0                 ; 0          ; 0    ; 0            ; |binconv|FAdder:u7|FAdder_4bit:u1|FAdder_1bit:u3                                       ; FAdder_1bit  ; work         ;
;       |FAdder_4bit:u2|             ; 8 (0)               ; 0 (0)                     ; 0                 ; 0          ; 0    ; 0            ; |binconv|FAdder:u7|FAdder_4bit:u2                                                      ; FAdder_4bit  ; work         ;
;          |FAdder_1bit:u0|          ; 2 (2)               ; 0 (0)                     ; 0                 ; 0          ; 0    ; 0            ; |binconv|FAdder:u7|FAdder_4bit:u2|FAdder_1bit:u0                                       ; FAdder_1bit  ; work         ;
;          |FAdder_1bit:u1|          ; 1 (1)               ; 0 (0)                     ; 0                 ; 0          ; 0    ; 0            ; |binconv|FAdder:u7|FAdder_4bit:u2|FAdder_1bit:u1                                       ; FAdder_1bit  ; work         ;
;          |FAdder_1bit:u2|          ; 4 (4)               ; 0 (0)                     ; 0                 ; 0          ; 0    ; 0            ; |binconv|FAdder:u7|FAdder_4bit:u2|FAdder_1bit:u2                                       ; FAdder_1bit  ; work         ;
;          |FAdder_1bit:u3|          ; 1 (1)               ; 0 (0)                     ; 0                 ; 0          ; 0    ; 0            ; |binconv|FAdder:u7|FAdder_4bit:u2|FAdder_1bit:u3                                       ; FAdder_1bit  ; work         ;
;       |FAdder_4bit:u3|             ; 4 (0)               ; 0 (0)                     ; 0                 ; 0          ; 0    ; 0            ; |binconv|FAdder:u7|FAdder_4bit:u3                                                      ; FAdder_4bit  ; work         ;
;          |FAdder_1bit:u0|          ; 3 (3)               ; 0 (0)                     ; 0                 ; 0          ; 0    ; 0            ; |binconv|FAdder:u7|FAdder_4bit:u3|FAdder_1bit:u0                                       ; FAdder_1bit  ; work         ;
;          |FAdder_1bit:u1|          ; 1 (1)               ; 0 (0)                     ; 0                 ; 0          ; 0    ; 0            ; |binconv|FAdder:u7|FAdder_4bit:u3|FAdder_1bit:u1                                       ; FAdder_1bit  ; work         ;
;    |FAdder:u8|                     ; 11 (0)              ; 0 (0)                     ; 0                 ; 0          ; 0    ; 0            ; |binconv|FAdder:u8                                                                     ; FAdder       ; work         ;
;       |FAdder_4bit:u1|             ; 4 (0)               ; 0 (0)                     ; 0                 ; 0          ; 0    ; 0            ; |binconv|FAdder:u8|FAdder_4bit:u1                                                      ; FAdder_4bit  ; work         ;
;          |FAdder_1bit:u0|          ; 1 (1)               ; 0 (0)                     ; 0                 ; 0          ; 0    ; 0            ; |binconv|FAdder:u8|FAdder_4bit:u1|FAdder_1bit:u0                                       ; FAdder_1bit  ; work         ;
;          |FAdder_1bit:u1|          ; 1 (1)               ; 0 (0)                     ; 0                 ; 0          ; 0    ; 0            ; |binconv|FAdder:u8|FAdder_4bit:u1|FAdder_1bit:u1                                       ; FAdder_1bit  ; work         ;
;          |FAdder_1bit:u2|          ; 1 (1)               ; 0 (0)                     ; 0                 ; 0          ; 0    ; 0            ; |binconv|FAdder:u8|FAdder_4bit:u1|FAdder_1bit:u2                                       ; FAdder_1bit  ; work         ;
;          |FAdder_1bit:u3|          ; 1 (1)               ; 0 (0)                     ; 0                 ; 0          ; 0    ; 0            ; |binconv|FAdder:u8|FAdder_4bit:u1|FAdder_1bit:u3                                       ; FAdder_1bit  ; work         ;
;       |FAdder_4bit:u2|             ; 4 (0)               ; 0 (0)                     ; 0                 ; 0          ; 0    ; 0            ; |binconv|FAdder:u8|FAdder_4bit:u2                                                      ; FAdder_4bit  ; work         ;
;          |FAdder_1bit:u0|          ; 1 (1)               ; 0 (0)                     ; 0                 ; 0          ; 0    ; 0            ; |binconv|FAdder:u8|FAdder_4bit:u2|FAdder_1bit:u0                                       ; FAdder_1bit  ; work         ;
;          |FAdder_1bit:u1|          ; 1 (1)               ; 0 (0)                     ; 0                 ; 0          ; 0    ; 0            ; |binconv|FAdder:u8|FAdder_4bit:u2|FAdder_1bit:u1                                       ; FAdder_1bit  ; work         ;
;          |FAdder_1bit:u2|          ; 2 (2)               ; 0 (0)                     ; 0                 ; 0          ; 0    ; 0            ; |binconv|FAdder:u8|FAdder_4bit:u2|FAdder_1bit:u2                                       ; FAdder_1bit  ; work         ;
;       |FAdder_4bit:u3|             ; 3 (0)               ; 0 (0)                     ; 0                 ; 0          ; 0    ; 0            ; |binconv|FAdder:u8|FAdder_4bit:u3                                                      ; FAdder_4bit  ; work         ;
;          |FAdder_1bit:u0|          ; 2 (2)               ; 0 (0)                     ; 0                 ; 0          ; 0    ; 0            ; |binconv|FAdder:u8|FAdder_4bit:u3|FAdder_1bit:u0                                       ; FAdder_1bit  ; work         ;
;          |FAdder_1bit:u2|          ; 1 (1)               ; 0 (0)                     ; 0                 ; 0          ; 0    ; 0            ; |binconv|FAdder:u8|FAdder_4bit:u3|FAdder_1bit:u2                                       ; FAdder_1bit  ; work         ;
;    |FAdder:u9|                     ; 8 (0)               ; 0 (0)                     ; 0                 ; 0          ; 0    ; 0            ; |binconv|FAdder:u9                                                                     ; FAdder       ; work         ;
;       |FAdder_4bit:u0|             ; 2 (0)               ; 0 (0)                     ; 0                 ; 0          ; 0    ; 0            ; |binconv|FAdder:u9|FAdder_4bit:u0                                                      ; FAdder_4bit  ; work         ;
;          |FAdder_1bit:u1|          ; 1 (1)               ; 0 (0)                     ; 0                 ; 0          ; 0    ; 0            ; |binconv|FAdder:u9|FAdder_4bit:u0|FAdder_1bit:u1                                       ; FAdder_1bit  ; work         ;
;          |FAdder_1bit:u3|          ; 1 (1)               ; 0 (0)                     ; 0                 ; 0          ; 0    ; 0            ; |binconv|FAdder:u9|FAdder_4bit:u0|FAdder_1bit:u3                                       ; FAdder_1bit  ; work         ;
;       |FAdder_4bit:u1|             ; 3 (0)               ; 0 (0)                     ; 0                 ; 0          ; 0    ; 0            ; |binconv|FAdder:u9|FAdder_4bit:u1                                                      ; FAdder_4bit  ; work         ;
;          |FAdder_1bit:u1|          ; 1 (1)               ; 0 (0)                     ; 0                 ; 0          ; 0    ; 0            ; |binconv|FAdder:u9|FAdder_4bit:u1|FAdder_1bit:u1                                       ; FAdder_1bit  ; work         ;
;          |FAdder_1bit:u2|          ; 1 (1)               ; 0 (0)                     ; 0                 ; 0          ; 0    ; 0            ; |binconv|FAdder:u9|FAdder_4bit:u1|FAdder_1bit:u2                                       ; FAdder_1bit  ; work         ;
;          |FAdder_1bit:u3|          ; 1 (1)               ; 0 (0)                     ; 0                 ; 0          ; 0    ; 0            ; |binconv|FAdder:u9|FAdder_4bit:u1|FAdder_1bit:u3                                       ; FAdder_1bit  ; work         ;
;       |FAdder_4bit:u2|             ; 2 (0)               ; 0 (0)                     ; 0                 ; 0          ; 0    ; 0            ; |binconv|FAdder:u9|FAdder_4bit:u2                                                      ; FAdder_4bit  ; work         ;
;          |FAdder_1bit:u1|          ; 1 (1)               ; 0 (0)                     ; 0                 ; 0          ; 0    ; 0            ; |binconv|FAdder:u9|FAdder_4bit:u2|FAdder_1bit:u1                                       ; FAdder_1bit  ; work         ;
;          |FAdder_1bit:u2|          ; 1 (1)               ; 0 (0)                     ; 0                 ; 0          ; 0    ; 0            ; |binconv|FAdder:u9|FAdder_4bit:u2|FAdder_1bit:u2                                       ; FAdder_1bit  ; work         ;
;       |FAdder_4bit:u3|             ; 1 (0)               ; 0 (0)                     ; 0                 ; 0          ; 0    ; 0            ; |binconv|FAdder:u9|FAdder_4bit:u3                                                      ; FAdder_4bit  ; work         ;
;          |FAdder_1bit:u0|          ; 1 (1)               ; 0 (0)                     ; 0                 ; 0          ; 0    ; 0            ; |binconv|FAdder:u9|FAdder_4bit:u3|FAdder_1bit:u0                                       ; FAdder_1bit  ; work         ;
;    |Multiplier:u1|                 ; 1 (0)               ; 0 (0)                     ; 0                 ; 0          ; 0    ; 0            ; |binconv|Multiplier:u1                                                                 ; Multiplier   ; work         ;
;       |Mul_4bit:u1|                ; 1 (0)               ; 0 (0)                     ; 0                 ; 0          ; 0    ; 0            ; |binconv|Multiplier:u1|Mul_4bit:u1                                                     ; Mul_4bit     ; work         ;
;          |altAdder:u7|             ; 1 (0)               ; 0 (0)                     ; 0                 ; 0          ; 0    ; 0            ; |binconv|Multiplier:u1|Mul_4bit:u1|altAdder:u7                                         ; altAdder     ; work         ;
;             |FAdder:u1|            ; 1 (0)               ; 0 (0)                     ; 0                 ; 0          ; 0    ; 0            ; |binconv|Multiplier:u1|Mul_4bit:u1|altAdder:u7|FAdder:u1                               ; FAdder       ; work         ;
;                |FAdder_4bit:u0|    ; 1 (0)               ; 0 (0)                     ; 0                 ; 0          ; 0    ; 0            ; |binconv|Multiplier:u1|Mul_4bit:u1|altAdder:u7|FAdder:u1|FAdder_4bit:u0                ; FAdder_4bit  ; work         ;
;                   |FAdder_1bit:u1| ; 1 (1)               ; 0 (0)                     ; 0                 ; 0          ; 0    ; 0            ; |binconv|Multiplier:u1|Mul_4bit:u1|altAdder:u7|FAdder:u1|FAdder_4bit:u0|FAdder_1bit:u1 ; FAdder_1bit  ; work         ;
;    |Multiplier:u2|                 ; 5 (0)               ; 0 (0)                     ; 0                 ; 0          ; 0    ; 0            ; |binconv|Multiplier:u2                                                                 ; Multiplier   ; work         ;
;       |FAdder_32bit:u5|            ; 4 (0)               ; 0 (0)                     ; 0                 ; 0          ; 0    ; 0            ; |binconv|Multiplier:u2|FAdder_32bit:u5                                                 ; FAdder_32bit ; work         ;
;          |FAdder:u0|               ; 4 (0)               ; 0 (0)                     ; 0                 ; 0          ; 0    ; 0            ; |binconv|Multiplier:u2|FAdder_32bit:u5|FAdder:u0                                       ; FAdder       ; work         ;
;             |FAdder_4bit:u1|       ; 3 (0)               ; 0 (0)                     ; 0                 ; 0          ; 0    ; 0            ; |binconv|Multiplier:u2|FAdder_32bit:u5|FAdder:u0|FAdder_4bit:u1                        ; FAdder_4bit  ; work         ;
;                |FAdder_1bit:u1|    ; 1 (1)               ; 0 (0)                     ; 0                 ; 0          ; 0    ; 0            ; |binconv|Multiplier:u2|FAdder_32bit:u5|FAdder:u0|FAdder_4bit:u1|FAdder_1bit:u1         ; FAdder_1bit  ; work         ;
;                |FAdder_1bit:u2|    ; 1 (1)               ; 0 (0)                     ; 0                 ; 0          ; 0    ; 0            ; |binconv|Multiplier:u2|FAdder_32bit:u5|FAdder:u0|FAdder_4bit:u1|FAdder_1bit:u2         ; FAdder_1bit  ; work         ;
;                |FAdder_1bit:u3|    ; 1 (1)               ; 0 (0)                     ; 0                 ; 0          ; 0    ; 0            ; |binconv|Multiplier:u2|FAdder_32bit:u5|FAdder:u0|FAdder_4bit:u1|FAdder_1bit:u3         ; FAdder_1bit  ; work         ;
;             |FAdder_4bit:u2|       ; 1 (0)               ; 0 (0)                     ; 0                 ; 0          ; 0    ; 0            ; |binconv|Multiplier:u2|FAdder_32bit:u5|FAdder:u0|FAdder_4bit:u2                        ; FAdder_4bit  ; work         ;
;                |FAdder_1bit:u2|    ; 1 (1)               ; 0 (0)                     ; 0                 ; 0          ; 0    ; 0            ; |binconv|Multiplier:u2|FAdder_32bit:u5|FAdder:u0|FAdder_4bit:u2|FAdder_1bit:u2         ; FAdder_1bit  ; work         ;
;       |Mul_4bit:u2|                ; 1 (0)               ; 0 (0)                     ; 0                 ; 0          ; 0    ; 0            ; |binconv|Multiplier:u2|Mul_4bit:u2                                                     ; Mul_4bit     ; work         ;
;          |altAdder:u5|             ; 1 (0)               ; 0 (0)                     ; 0                 ; 0          ; 0    ; 0            ; |binconv|Multiplier:u2|Mul_4bit:u2|altAdder:u5                                         ; altAdder     ; work         ;
;             |FAdder:u1|            ; 1 (0)               ; 0 (0)                     ; 0                 ; 0          ; 0    ; 0            ; |binconv|Multiplier:u2|Mul_4bit:u2|altAdder:u5|FAdder:u1                               ; FAdder       ; work         ;
;                |FAdder_4bit:u0|    ; 1 (0)               ; 0 (0)                     ; 0                 ; 0          ; 0    ; 0            ; |binconv|Multiplier:u2|Mul_4bit:u2|altAdder:u5|FAdder:u1|FAdder_4bit:u0                ; FAdder_4bit  ; work         ;
;                   |FAdder_1bit:u3| ; 1 (1)               ; 0 (0)                     ; 0                 ; 0          ; 0    ; 0            ; |binconv|Multiplier:u2|Mul_4bit:u2|altAdder:u5|FAdder:u1|FAdder_4bit:u0|FAdder_1bit:u3 ; FAdder_1bit  ; work         ;
;    |Multiplier:u3|                 ; 8 (0)               ; 0 (0)                     ; 0                 ; 0          ; 0    ; 0            ; |binconv|Multiplier:u3                                                                 ; Multiplier   ; work         ;
;       |FAdder_32bit:u5|            ; 3 (0)               ; 0 (0)                     ; 0                 ; 0          ; 0    ; 0            ; |binconv|Multiplier:u3|FAdder_32bit:u5                                                 ; FAdder_32bit ; work         ;
;          |FAdder:u0|               ; 3 (0)               ; 0 (0)                     ; 0                 ; 0          ; 0    ; 0            ; |binconv|Multiplier:u3|FAdder_32bit:u5|FAdder:u0                                       ; FAdder       ; work         ;
;             |FAdder_4bit:u1|       ; 3 (0)               ; 0 (0)                     ; 0                 ; 0          ; 0    ; 0            ; |binconv|Multiplier:u3|FAdder_32bit:u5|FAdder:u0|FAdder_4bit:u1                        ; FAdder_4bit  ; work         ;
;                |FAdder_1bit:u1|    ; 1 (1)               ; 0 (0)                     ; 0                 ; 0          ; 0    ; 0            ; |binconv|Multiplier:u3|FAdder_32bit:u5|FAdder:u0|FAdder_4bit:u1|FAdder_1bit:u1         ; FAdder_1bit  ; work         ;
;                |FAdder_1bit:u2|    ; 1 (1)               ; 0 (0)                     ; 0                 ; 0          ; 0    ; 0            ; |binconv|Multiplier:u3|FAdder_32bit:u5|FAdder:u0|FAdder_4bit:u1|FAdder_1bit:u2         ; FAdder_1bit  ; work         ;
;                |FAdder_1bit:u3|    ; 1 (1)               ; 0 (0)                     ; 0                 ; 0          ; 0    ; 0            ; |binconv|Multiplier:u3|FAdder_32bit:u5|FAdder:u0|FAdder_4bit:u1|FAdder_1bit:u3         ; FAdder_1bit  ; work         ;
;       |FAdder_32bit:u7|            ; 5 (0)               ; 0 (0)                     ; 0                 ; 0          ; 0    ; 0            ; |binconv|Multiplier:u3|FAdder_32bit:u7                                                 ; FAdder_32bit ; work         ;
;          |FAdder:u0|               ; 5 (0)               ; 0 (0)                     ; 0                 ; 0          ; 0    ; 0            ; |binconv|Multiplier:u3|FAdder_32bit:u7|FAdder:u0                                       ; FAdder       ; work         ;
;             |FAdder_4bit:u2|       ; 4 (0)               ; 0 (0)                     ; 0                 ; 0          ; 0    ; 0            ; |binconv|Multiplier:u3|FAdder_32bit:u7|FAdder:u0|FAdder_4bit:u2                        ; FAdder_4bit  ; work         ;
;                |FAdder_1bit:u0|    ; 1 (1)               ; 0 (0)                     ; 0                 ; 0          ; 0    ; 0            ; |binconv|Multiplier:u3|FAdder_32bit:u7|FAdder:u0|FAdder_4bit:u2|FAdder_1bit:u0         ; FAdder_1bit  ; work         ;
;                |FAdder_1bit:u1|    ; 1 (1)               ; 0 (0)                     ; 0                 ; 0          ; 0    ; 0            ; |binconv|Multiplier:u3|FAdder_32bit:u7|FAdder:u0|FAdder_4bit:u2|FAdder_1bit:u1         ; FAdder_1bit  ; work         ;
;                |FAdder_1bit:u2|    ; 1 (1)               ; 0 (0)                     ; 0                 ; 0          ; 0    ; 0            ; |binconv|Multiplier:u3|FAdder_32bit:u7|FAdder:u0|FAdder_4bit:u2|FAdder_1bit:u2         ; FAdder_1bit  ; work         ;
;                |FAdder_1bit:u3|    ; 1 (1)               ; 0 (0)                     ; 0                 ; 0          ; 0    ; 0            ; |binconv|Multiplier:u3|FAdder_32bit:u7|FAdder:u0|FAdder_4bit:u2|FAdder_1bit:u3         ; FAdder_1bit  ; work         ;
;             |FAdder_4bit:u3|       ; 1 (0)               ; 0 (0)                     ; 0                 ; 0          ; 0    ; 0            ; |binconv|Multiplier:u3|FAdder_32bit:u7|FAdder:u0|FAdder_4bit:u3                        ; FAdder_4bit  ; work         ;
;                |FAdder_1bit:u1|    ; 1 (1)               ; 0 (0)                     ; 0                 ; 0          ; 0    ; 0            ; |binconv|Multiplier:u3|FAdder_32bit:u7|FAdder:u0|FAdder_4bit:u3|FAdder_1bit:u1         ; FAdder_1bit  ; work         ;
;    |Multiplier:u4|                 ; 4 (0)               ; 0 (0)                     ; 0                 ; 0          ; 0    ; 0            ; |binconv|Multiplier:u4                                                                 ; Multiplier   ; work         ;
;       |FAdder_32bit:u6|            ; 2 (0)               ; 0 (0)                     ; 0                 ; 0          ; 0    ; 0            ; |binconv|Multiplier:u4|FAdder_32bit:u6                                                 ; FAdder_32bit ; work         ;
;          |FAdder:u0|               ; 2 (0)               ; 0 (0)                     ; 0                 ; 0          ; 0    ; 0            ; |binconv|Multiplier:u4|FAdder_32bit:u6|FAdder:u0                                       ; FAdder       ; work         ;
;             |FAdder_4bit:u3|       ; 2 (0)               ; 0 (0)                     ; 0                 ; 0          ; 0    ; 0            ; |binconv|Multiplier:u4|FAdder_32bit:u6|FAdder:u0|FAdder_4bit:u3                        ; FAdder_4bit  ; work         ;
;                |FAdder_1bit:u1|    ; 1 (1)               ; 0 (0)                     ; 0                 ; 0          ; 0    ; 0            ; |binconv|Multiplier:u4|FAdder_32bit:u6|FAdder:u0|FAdder_4bit:u3|FAdder_1bit:u1         ; FAdder_1bit  ; work         ;
;                |FAdder_1bit:u2|    ; 1 (1)               ; 0 (0)                     ; 0                 ; 0          ; 0    ; 0            ; |binconv|Multiplier:u4|FAdder_32bit:u6|FAdder:u0|FAdder_4bit:u3|FAdder_1bit:u2         ; FAdder_1bit  ; work         ;
;       |Mul_4bit:u3|                ; 2 (0)               ; 0 (0)                     ; 0                 ; 0          ; 0    ; 0            ; |binconv|Multiplier:u4|Mul_4bit:u3                                                     ; Mul_4bit     ; work         ;
;          |altAdder:u5|             ; 2 (0)               ; 0 (0)                     ; 0                 ; 0          ; 0    ; 0            ; |binconv|Multiplier:u4|Mul_4bit:u3|altAdder:u5                                         ; altAdder     ; work         ;
;             |FAdder:u1|            ; 2 (0)               ; 0 (0)                     ; 0                 ; 0          ; 0    ; 0            ; |binconv|Multiplier:u4|Mul_4bit:u3|altAdder:u5|FAdder:u1                               ; FAdder       ; work         ;
;                |FAdder_4bit:u0|    ; 2 (0)               ; 0 (0)                     ; 0                 ; 0          ; 0    ; 0            ; |binconv|Multiplier:u4|Mul_4bit:u3|altAdder:u5|FAdder:u1|FAdder_4bit:u0                ; FAdder_4bit  ; work         ;
;                   |FAdder_1bit:u1| ; 1 (1)               ; 0 (0)                     ; 0                 ; 0          ; 0    ; 0            ; |binconv|Multiplier:u4|Mul_4bit:u3|altAdder:u5|FAdder:u1|FAdder_4bit:u0|FAdder_1bit:u1 ; FAdder_1bit  ; work         ;
;                   |FAdder_1bit:u2| ; 1 (1)               ; 0 (0)                     ; 0                 ; 0          ; 0    ; 0            ; |binconv|Multiplier:u4|Mul_4bit:u3|altAdder:u5|FAdder:u1|FAdder_4bit:u0|FAdder_1bit:u2 ; FAdder_1bit  ; work         ;
+------------------------------------+---------------------+---------------------------+-------------------+------------+------+--------------+----------------------------------------------------------------------------------------+--------------+--------------+
Note: For table entries with two numbers listed, the numbers in parentheses indicate the number of resources of the given type used by the specific entity alone. The numbers listed outside of parentheses indicate the total resources of the given type used by the specific entity and all of its sub-entities in the hierarchy.


+------------------------------------------------------+
; General Register Statistics                          ;
+----------------------------------------------+-------+
; Statistic                                    ; Value ;
+----------------------------------------------+-------+
; Total registers                              ; 0     ;
; Number of registers using Synchronous Clear  ; 0     ;
; Number of registers using Synchronous Load   ; 0     ;
; Number of registers using Asynchronous Clear ; 0     ;
; Number of registers using Asynchronous Load  ; 0     ;
; Number of registers using Clock Enable       ; 0     ;
; Number of registers using Preset             ; 0     ;
+----------------------------------------------+-------+


+----------------------------------------------------------------------------------------------------------------+
; Port Connectivity Checks: "FAdder:u9"                                                                          ;
+------+--------+----------+-------------------------------------------------------------------------------------+
; Port ; Type   ; Severity ; Details                                                                             ;
+------+--------+----------+-------------------------------------------------------------------------------------+
; a    ; Input  ; Info     ; Stuck at GND                                                                        ;
; ci   ; Input  ; Info     ; Stuck at VCC                                                                        ;
; co   ; Output ; Info     ; Connected to dangling logic. Logic that only feeds a dangling port will be removed. ;
+------+--------+----------+-------------------------------------------------------------------------------------+


+----------------------------------------------------------------------------------------------------------------+
; Port Connectivity Checks: "FAdder:u8"                                                                          ;
+------+--------+----------+-------------------------------------------------------------------------------------+
; Port ; Type   ; Severity ; Details                                                                             ;
+------+--------+----------+-------------------------------------------------------------------------------------+
; ci   ; Input  ; Info     ; Stuck at GND                                                                        ;
; co   ; Output ; Info     ; Connected to dangling logic. Logic that only feeds a dangling port will be removed. ;
+------+--------+----------+-------------------------------------------------------------------------------------+


+----------------------------------------------------------------------------------------------------------------+
; Port Connectivity Checks: "FAdder:u7"                                                                          ;
+------+--------+----------+-------------------------------------------------------------------------------------+
; Port ; Type   ; Severity ; Details                                                                             ;
+------+--------+----------+-------------------------------------------------------------------------------------+
; ci   ; Input  ; Info     ; Stuck at GND                                                                        ;
; co   ; Output ; Info     ; Connected to dangling logic. Logic that only feeds a dangling port will be removed. ;
+------+--------+----------+-------------------------------------------------------------------------------------+


+----------------------------------------------------------------------------------------------------------------+
; Port Connectivity Checks: "FAdder:u6"                                                                          ;
+------+--------+----------+-------------------------------------------------------------------------------------+
; Port ; Type   ; Severity ; Details                                                                             ;
+------+--------+----------+-------------------------------------------------------------------------------------+
; ci   ; Input  ; Info     ; Stuck at GND                                                                        ;
; co   ; Output ; Info     ; Connected to dangling logic. Logic that only feeds a dangling port will be removed. ;
+------+--------+----------+-------------------------------------------------------------------------------------+


+--------------------------------------------------------------------------------------------------------------------+
; Port Connectivity Checks: "FAdder:u5"                                                                              ;
+----------+--------+----------+-------------------------------------------------------------------------------------+
; Port     ; Type   ; Severity ; Details                                                                             ;
+----------+--------+----------+-------------------------------------------------------------------------------------+
; a[15..4] ; Input  ; Info     ; Stuck at GND                                                                        ;
; ci       ; Input  ; Info     ; Stuck at GND                                                                        ;
; co       ; Output ; Info     ; Connected to dangling logic. Logic that only feeds a dangling port will be removed. ;
+----------+--------+----------+-------------------------------------------------------------------------------------+


+------------------------------------------------------------------------------------------------------------------------+
; Port Connectivity Checks: "Multiplier:u4"                                                                              ;
+--------------+--------+----------+-------------------------------------------------------------------------------------+
; Port         ; Type   ; Severity ; Details                                                                             ;
+--------------+--------+----------+-------------------------------------------------------------------------------------+
; a[15..4]     ; Input  ; Info     ; Stuck at GND                                                                        ;
; b[10..8]     ; Input  ; Info     ; Stuck at VCC                                                                        ;
; b[15..14]    ; Input  ; Info     ; Stuck at GND                                                                        ;
; b[12..11]    ; Input  ; Info     ; Stuck at GND                                                                        ;
; b[7..5]      ; Input  ; Info     ; Stuck at GND                                                                        ;
; b[3..0]      ; Input  ; Info     ; Stuck at GND                                                                        ;
; b[13]        ; Input  ; Info     ; Stuck at VCC                                                                        ;
; b[4]         ; Input  ; Info     ; Stuck at VCC                                                                        ;
; prod[31..16] ; Output ; Info     ; Connected to dangling logic. Logic that only feeds a dangling port will be removed. ;
+--------------+--------+----------+-------------------------------------------------------------------------------------+


+------------------------------------------------------------------------------------------------------------------------+
; Port Connectivity Checks: "Multiplier:u3"                                                                              ;
+--------------+--------+----------+-------------------------------------------------------------------------------------+
; Port         ; Type   ; Severity ; Details                                                                             ;
+--------------+--------+----------+-------------------------------------------------------------------------------------+
; a[15..4]     ; Input  ; Info     ; Stuck at GND                                                                        ;
; b[9..5]      ; Input  ; Info     ; Stuck at VCC                                                                        ;
; b[15..10]    ; Input  ; Info     ; Stuck at GND                                                                        ;
; b[2..0]      ; Input  ; Info     ; Stuck at GND                                                                        ;
; b[4]         ; Input  ; Info     ; Stuck at GND                                                                        ;
; b[3]         ; Input  ; Info     ; Stuck at VCC                                                                        ;
; prod[31..16] ; Output ; Info     ; Connected to dangling logic. Logic that only feeds a dangling port will be removed. ;
+--------------+--------+----------+-------------------------------------------------------------------------------------+


+------------------------------------------------------------------------------------------------------------------------+
; Port Connectivity Checks: "Multiplier:u2"                                                                              ;
+--------------+--------+----------+-------------------------------------------------------------------------------------+
; Port         ; Type   ; Severity ; Details                                                                             ;
+--------------+--------+----------+-------------------------------------------------------------------------------------+
; a[15..4]     ; Input  ; Info     ; Stuck at GND                                                                        ;
; b[6..5]      ; Input  ; Info     ; Stuck at VCC                                                                        ;
; b[15..7]     ; Input  ; Info     ; Stuck at GND                                                                        ;
; b[4..3]      ; Input  ; Info     ; Stuck at GND                                                                        ;
; b[1..0]      ; Input  ; Info     ; Stuck at GND                                                                        ;
; b[2]         ; Input  ; Info     ; Stuck at VCC                                                                        ;
; prod[31..16] ; Output ; Info     ; Connected to dangling logic. Logic that only feeds a dangling port will be removed. ;
+--------------+--------+----------+-------------------------------------------------------------------------------------+


+----------------------------------------------------------------------------------------------------------------+
; Port Connectivity Checks: "Multiplier:u1|FAdder_32bit:v5"                                                      ;
+------+--------+----------+-------------------------------------------------------------------------------------+
; Port ; Type   ; Severity ; Details                                                                             ;
+------+--------+----------+-------------------------------------------------------------------------------------+
; a    ; Input  ; Info     ; Stuck at GND                                                                        ;
; ci   ; Input  ; Info     ; Stuck at VCC                                                                        ;
; co   ; Output ; Info     ; Connected to dangling logic. Logic that only feeds a dangling port will be removed. ;
+------+--------+----------+-------------------------------------------------------------------------------------+


+----------------------------------------------------------------------------------------------------------------+
; Port Connectivity Checks: "Multiplier:u1|FAdder_32bit:u7"                                                      ;
+------+--------+----------+-------------------------------------------------------------------------------------+
; Port ; Type   ; Severity ; Details                                                                             ;
+------+--------+----------+-------------------------------------------------------------------------------------+
; ci   ; Input  ; Info     ; Stuck at GND                                                                        ;
; co   ; Output ; Info     ; Connected to dangling logic. Logic that only feeds a dangling port will be removed. ;
+------+--------+----------+-------------------------------------------------------------------------------------+


+---------------------------------------------------------------------------------------------------------------------+
; Port Connectivity Checks: "Multiplier:u1|FAdder_32bit:u6"                                                           ;
+-----------+--------+----------+-------------------------------------------------------------------------------------+
; Port      ; Type   ; Severity ; Details                                                                             ;
+-----------+--------+----------+-------------------------------------------------------------------------------------+
; a[31..28] ; Input  ; Info     ; Stuck at GND                                                                        ;
; a[7..0]   ; Input  ; Info     ; Stuck at GND                                                                        ;
; b[11..0]  ; Input  ; Info     ; Stuck at GND                                                                        ;
; ci        ; Input  ; Info     ; Stuck at GND                                                                        ;
; co        ; Output ; Info     ; Connected to dangling logic. Logic that only feeds a dangling port will be removed. ;
+-----------+--------+----------+-------------------------------------------------------------------------------------+


+---------------------------------------------------------------------------------------------------------------------+
; Port Connectivity Checks: "Multiplier:u1|FAdder_32bit:u5"                                                           ;
+-----------+--------+----------+-------------------------------------------------------------------------------------+
; Port      ; Type   ; Severity ; Details                                                                             ;
+-----------+--------+----------+-------------------------------------------------------------------------------------+
; a[31..20] ; Input  ; Info     ; Stuck at GND                                                                        ;
; b[31..24] ; Input  ; Info     ; Stuck at GND                                                                        ;
; b[3..0]   ; Input  ; Info     ; Stuck at GND                                                                        ;
; ci        ; Input  ; Info     ; Stuck at GND                                                                        ;
; co        ; Output ; Info     ; Connected to dangling logic. Logic that only feeds a dangling port will be removed. ;
+-----------+--------+----------+-------------------------------------------------------------------------------------+


+-------------------------------------------------------------------+
; Port Connectivity Checks: "Multiplier:u1|Mul_4bit:u1|altAdder:u7" ;
+------+-------+----------+-----------------------------------------+
; Port ; Type  ; Severity ; Details                                 ;
+------+-------+----------+-----------------------------------------+
; ci   ; Input ; Info     ; Stuck at GND                            ;
+------+-------+----------+-----------------------------------------+


+-------------------------------------------------------------------+
; Port Connectivity Checks: "Multiplier:u1|Mul_4bit:u1|altAdder:u5" ;
+------+-------+----------+-----------------------------------------+
; Port ; Type  ; Severity ; Details                                 ;
+------+-------+----------+-----------------------------------------+
; ci   ; Input ; Info     ; Stuck at GND                            ;
+------+-------+----------+-----------------------------------------+


+-------------------------------------------------------------------+
; Port Connectivity Checks: "Multiplier:u1|Mul_4bit:u1|altAdder:u3" ;
+-------+-------+----------+----------------------------------------+
; Port  ; Type  ; Severity ; Details                                ;
+-------+-------+----------+----------------------------------------+
; a[15] ; Input ; Info     ; Stuck at GND                           ;
; ci    ; Input ; Info     ; Stuck at GND                           ;
+-------+-------+----------+----------------------------------------+


+----------------------------------------------------------------------------------------------------------------+
; Port Connectivity Checks: "Multiplier:u1|FAdder:v2"                                                            ;
+------+--------+----------+-------------------------------------------------------------------------------------+
; Port ; Type   ; Severity ; Details                                                                             ;
+------+--------+----------+-------------------------------------------------------------------------------------+
; a    ; Input  ; Info     ; Stuck at GND                                                                        ;
; ci   ; Input  ; Info     ; Stuck at VCC                                                                        ;
; co   ; Output ; Info     ; Connected to dangling logic. Logic that only feeds a dangling port will be removed. ;
+------+--------+----------+-------------------------------------------------------------------------------------+


+----------------------------------------------------------------------------------------------------------------+
; Port Connectivity Checks: "Multiplier:u1|FAdder:v1"                                                            ;
+------+--------+----------+-------------------------------------------------------------------------------------+
; Port ; Type   ; Severity ; Details                                                                             ;
+------+--------+----------+-------------------------------------------------------------------------------------+
; a    ; Input  ; Info     ; Stuck at GND                                                                        ;
; ci   ; Input  ; Info     ; Stuck at VCC                                                                        ;
; co   ; Output ; Info     ; Connected to dangling logic. Logic that only feeds a dangling port will be removed. ;
+------+--------+----------+-------------------------------------------------------------------------------------+


+------------------------------------------------------------------------------------------------------------------------+
; Port Connectivity Checks: "Multiplier:u1"                                                                              ;
+--------------+--------+----------+-------------------------------------------------------------------------------------+
; Port         ; Type   ; Severity ; Details                                                                             ;
+--------------+--------+----------+-------------------------------------------------------------------------------------+
; a[15..4]     ; Input  ; Info     ; Stuck at GND                                                                        ;
; b[15..4]     ; Input  ; Info     ; Stuck at GND                                                                        ;
; b[3]         ; Input  ; Info     ; Stuck at VCC                                                                        ;
; b[2]         ; Input  ; Info     ; Stuck at GND                                                                        ;
; b[1]         ; Input  ; Info     ; Stuck at VCC                                                                        ;
; b[0]         ; Input  ; Info     ; Stuck at GND                                                                        ;
; prod[31..16] ; Output ; Info     ; Connected to dangling logic. Logic that only feeds a dangling port will be removed. ;
+--------------+--------+----------+-------------------------------------------------------------------------------------+


+-----------------------------------------------------+
; Post-Synthesis Netlist Statistics for Top Partition ;
+-----------------------+-----------------------------+
; Type                  ; Count                       ;
+-----------------------+-----------------------------+
; arriav_lcell_comb     ; 95                          ;
;     normal            ; 95                          ;
;         1 data inputs ; 1                           ;
;         2 data inputs ; 7                           ;
;         3 data inputs ; 9                           ;
;         4 data inputs ; 31                          ;
;         5 data inputs ; 19                          ;
;         6 data inputs ; 28                          ;
; boundary_port         ; 37                          ;
;                       ;                             ;
; Max LUT depth         ; 9.00                        ;
; Average LUT depth     ; 7.69                        ;
+-----------------------+-----------------------------+


+-------------------------------+
; Elapsed Time Per Partition    ;
+----------------+--------------+
; Partition Name ; Elapsed Time ;
+----------------+--------------+
; Top            ; 00:00:02     ;
+----------------+--------------+


+-------------------------------+
; Analysis & Synthesis Messages ;
+-------------------------------+
Info: *******************************************************************
Info: Running Quartus Prime Analysis & Synthesis
    Info: Version 23.1std.0 Build 991 11/28/2023 SC Lite Edition
    Info: Processing started: Sat Jun 20 13:17:16 2026
Info: Command: quartus_map --read_settings_files=on --write_settings_files=off binconv -c binconv
Warning (18236): Number of processors has not been specified which may cause overloading on shared machines.  Set the global assignment NUM_PARALLEL_PROCESSORS in your QSF to an appropriate value for best performance.
Info (20030): Parallel compilation is enabled and will use 2 of the 2 processors detected
Info (12021): Found 2 design units, including 1 entities, in source file binconv.vhd
    Info (12022): Found design unit 1: binconv-behavior File: C:/Users/Kidus/Documents/GitHub/First_DSD/16-bit Calculator/Binary Converter/binconv.vhd Line: 12
    Info (12023): Found entity 1: binconv File: C:/Users/Kidus/Documents/GitHub/First_DSD/16-bit Calculator/Binary Converter/binconv.vhd Line: 4
Info (12127): Elaborating entity "binconv" for the top level hierarchy
Warning (10492): VHDL Process Statement warning at binconv.vhd(56): signal "s5" is read inside the Process Statement but isn't in the Process Statement's sensitivity list File: C:/Users/Kidus/Documents/GitHub/First_DSD/16-bit Calculator/Binary Converter/binconv.vhd Line: 56
Warning (10492): VHDL Process Statement warning at binconv.vhd(58): signal "s4" is read inside the Process Statement but isn't in the Process Statement's sensitivity list File: C:/Users/Kidus/Documents/GitHub/First_DSD/16-bit Calculator/Binary Converter/binconv.vhd Line: 58
Warning (12125): Using design file multiplier.vhd, which is not specified as a design file for the current project, but contains definitions for 18 design units and 9 entities in project
    Info (12022): Found design unit 1: FAdder_1bit-behavior File: C:/Users/Kidus/Documents/GitHub/First_DSD/16-bit Calculator/Binary Converter/multiplier.vhd Line: 14
    Info (12022): Found design unit 2: FAdder_4bit-behavior File: C:/Users/Kidus/Documents/GitHub/First_DSD/16-bit Calculator/Binary Converter/multiplier.vhd Line: 35
    Info (12022): Found design unit 3: FAdder-behavior File: C:/Users/Kidus/Documents/GitHub/First_DSD/16-bit Calculator/Binary Converter/multiplier.vhd Line: 66
    Info (12022): Found design unit 4: altAdder-behavior File: C:/Users/Kidus/Documents/GitHub/First_DSD/16-bit Calculator/Binary Converter/multiplier.vhd Line: 105
    Info (12022): Found design unit 5: FAdder_32bit-behavior File: C:/Users/Kidus/Documents/GitHub/First_DSD/16-bit Calculator/Binary Converter/multiplier.vhd Line: 138
    Info (12022): Found design unit 6: mux2x1_16bit-behavior File: C:/Users/Kidus/Documents/GitHub/First_DSD/16-bit Calculator/Binary Converter/multiplier.vhd Line: 169
    Info (12022): Found design unit 7: Mul_1bit-behavior File: C:/Users/Kidus/Documents/GitHub/First_DSD/16-bit Calculator/Binary Converter/multiplier.vhd Line: 191
    Info (12022): Found design unit 8: Mul_4bit-behavior File: C:/Users/Kidus/Documents/GitHub/First_DSD/16-bit Calculator/Binary Converter/multiplier.vhd Line: 212
    Info (12022): Found design unit 9: Multiplier-behavior File: C:/Users/Kidus/Documents/GitHub/First_DSD/16-bit Calculator/Binary Converter/multiplier.vhd Line: 262
    Info (12023): Found entity 1: FAdder_1bit File: C:/Users/Kidus/Documents/GitHub/First_DSD/16-bit Calculator/Binary Converter/multiplier.vhd Line: 7
    Info (12023): Found entity 2: FAdder_4bit File: C:/Users/Kidus/Documents/GitHub/First_DSD/16-bit Calculator/Binary Converter/multiplier.vhd Line: 26
    Info (12023): Found entity 3: FAdder File: C:/Users/Kidus/Documents/GitHub/First_DSD/16-bit Calculator/Binary Converter/multiplier.vhd Line: 57
    Info (12023): Found entity 4: altAdder File: C:/Users/Kidus/Documents/GitHub/First_DSD/16-bit Calculator/Binary Converter/multiplier.vhd Line: 96
    Info (12023): Found entity 5: FAdder_32bit File: C:/Users/Kidus/Documents/GitHub/First_DSD/16-bit Calculator/Binary Converter/multiplier.vhd Line: 129
    Info (12023): Found entity 6: mux2x1_16bit File: C:/Users/Kidus/Documents/GitHub/First_DSD/16-bit Calculator/Binary Converter/multiplier.vhd Line: 161
    Info (12023): Found entity 7: Mul_1bit File: C:/Users/Kidus/Documents/GitHub/First_DSD/16-bit Calculator/Binary Converter/multiplier.vhd Line: 183
    Info (12023): Found entity 8: Mul_4bit File: C:/Users/Kidus/Documents/GitHub/First_DSD/16-bit Calculator/Binary Converter/multiplier.vhd Line: 204
    Info (12023): Found entity 9: Multiplier File: C:/Users/Kidus/Documents/GitHub/First_DSD/16-bit Calculator/Binary Converter/multiplier.vhd Line: 255
Info (12128): Elaborating entity "Multiplier" for hierarchy "Multiplier:u1" File: C:/Users/Kidus/Documents/GitHub/First_DSD/16-bit Calculator/Binary Converter/binconv.vhd Line: 41
Warning (10036): Verilog HDL or VHDL warning at multiplier.vhd(301): object "c0" assigned a value but never read File: C:/Users/Kidus/Documents/GitHub/First_DSD/16-bit Calculator/Binary Converter/multiplier.vhd Line: 301
Warning (10036): Verilog HDL or VHDL warning at multiplier.vhd(301): object "c1" assigned a value but never read File: C:/Users/Kidus/Documents/GitHub/First_DSD/16-bit Calculator/Binary Converter/multiplier.vhd Line: 301
Warning (10036): Verilog HDL or VHDL warning at multiplier.vhd(301): object "c2" assigned a value but never read File: C:/Users/Kidus/Documents/GitHub/First_DSD/16-bit Calculator/Binary Converter/multiplier.vhd Line: 301
Warning (10036): Verilog HDL or VHDL warning at multiplier.vhd(301): object "c3" assigned a value but never read File: C:/Users/Kidus/Documents/GitHub/First_DSD/16-bit Calculator/Binary Converter/multiplier.vhd Line: 301
Warning (10036): Verilog HDL or VHDL warning at multiplier.vhd(301): object "c4" assigned a value but never read File: C:/Users/Kidus/Documents/GitHub/First_DSD/16-bit Calculator/Binary Converter/multiplier.vhd Line: 301
Warning (10036): Verilog HDL or VHDL warning at multiplier.vhd(301): object "c5" assigned a value but never read File: C:/Users/Kidus/Documents/GitHub/First_DSD/16-bit Calculator/Binary Converter/multiplier.vhd Line: 301
Info (12128): Elaborating entity "FAdder" for hierarchy "Multiplier:u1|FAdder:v1" File: C:/Users/Kidus/Documents/GitHub/First_DSD/16-bit Calculator/Binary Converter/multiplier.vhd Line: 305
Info (12128): Elaborating entity "FAdder_4bit" for hierarchy "Multiplier:u1|FAdder:v1|FAdder_4bit:u0" File: C:/Users/Kidus/Documents/GitHub/First_DSD/16-bit Calculator/Binary Converter/multiplier.vhd Line: 79
Info (12128): Elaborating entity "FAdder_1bit" for hierarchy "Multiplier:u1|FAdder:v1|FAdder_4bit:u0|FAdder_1bit:u0" File: C:/Users/Kidus/Documents/GitHub/First_DSD/16-bit Calculator/Binary Converter/multiplier.vhd Line: 45
Info (12128): Elaborating entity "mux2x1_16bit" for hierarchy "Multiplier:u1|mux2x1_16bit:v3" File: C:/Users/Kidus/Documents/GitHub/First_DSD/16-bit Calculator/Binary Converter/multiplier.vhd Line: 307
Info (12128): Elaborating entity "Mul_4bit" for hierarchy "Multiplier:u1|Mul_4bit:u1" File: C:/Users/Kidus/Documents/GitHub/First_DSD/16-bit Calculator/Binary Converter/multiplier.vhd Line: 309
Info (12128): Elaborating entity "Mul_1bit" for hierarchy "Multiplier:u1|Mul_4bit:u1|Mul_1bit:u1" File: C:/Users/Kidus/Documents/GitHub/First_DSD/16-bit Calculator/Binary Converter/multiplier.vhd Line: 233
Info (12128): Elaborating entity "altAdder" for hierarchy "Multiplier:u1|Mul_4bit:u1|altAdder:u3" File: C:/Users/Kidus/Documents/GitHub/First_DSD/16-bit Calculator/Binary Converter/multiplier.vhd Line: 238
Info (12128): Elaborating entity "FAdder_32bit" for hierarchy "Multiplier:u1|FAdder_32bit:u5" File: C:/Users/Kidus/Documents/GitHub/First_DSD/16-bit Calculator/Binary Converter/multiplier.vhd Line: 314
Info (286030): Timing-Driven Synthesis is running
Info (16010): Generating hard_block partition "hard_block:auto_generated_inst"
    Info (16011): Adding 0 node(s), including 0 DDIO, 0 PLL, 0 transceiver and 0 LCELL
Info (21057): Implemented 131 device resources after synthesis - the final resource count might be different
    Info (21058): Implemented 21 input pins
    Info (21059): Implemented 16 output pins
    Info (21061): Implemented 94 logic cells
Info: Quartus Prime Analysis & Synthesis was successful. 0 errors, 10 warnings
    Info: Peak virtual memory: 4883 megabytes
    Info: Processing ended: Sat Jun 20 13:17:30 2026
    Info: Elapsed time: 00:00:14
    Info: Total CPU time (on all processors): 00:00:16


